<html>
<body>
<pre>
<h1>µVision Build Log</h1>
<h2>Tool Versions:</h2>
IDE-Version: µVision V5.29.0.0
Copyright (C) 2019 ARM Ltd and ARM Germany GmbH. All rights reserved.
License Information: Alaa Mohamed, The American University in Cairo, LIC=----
 
Tool Versions:
Toolchain:       MDK-Lite  Version: 5.29.0.0
Toolchain Path:  C:\Keil_v5\ARM\ARMCC\Bin
C Compiler:      Armcc.exe V5.06 update 6 (build 750)
Assembler:       Armasm.exe V5.06 update 6 (build 750)
Linker/Locator:  ArmLink.exe V5.06 update 6 (build 750)
Library Manager: ArmAr.exe V5.06 update 6 (build 750)
Hex Converter:   FromElf.exe V5.06 update 6 (build 750)
CPU DLL:         SARMCM3.DLL V5.29.0.0
Dialog DLL:      DCM.DLL V1.17.3.0
Target DLL:      STLink\ST-LINKIII-KEIL_SWO.dll V3.0.7.0
Dialog DLL:      TCM.DLL V1.36.5.0
 
<h2>Project:</h2>
E:\AUC\Spring '20\Embedded Systems\Project\STM32-AD8232-Heart-Monitor-App\Embedded App\MDK-ARM\Heart Monitor.uvprojx
Project File Date:  05/08/2020

<h2>Output:</h2>
*** Using Compiler 'V5.06 update 6 (build 750)', folder: 'C:\Keil_v5\ARM\ARMCC\Bin'
Build target 'Heart Monitor'
compiling main.c...
../Src/main.c(82): warning:  #223-D: function "sprintf" declared implicitly
  	sprintf(TxBuffer, "%04lu\n", (unsigned long) sample);
../Src/main.c(96): warning:  #223-D: function "strcpy" declared implicitly
  			strcpy(param_s, RxBuffer + 1); 
../Src/main.c(97): warning:  #223-D: function "atoi" declared implicitly
  			param = atoi(param_s);
../Src/main.c(106): warning:  #223-D: function "memset" declared implicitly
  			memset(RxBuffer, 0, 8);
../Src/main.c: 4 warnings, 0 errors
linking...
Program Size: Code=8420 RO-data=428 RW-data=60 ZI-data=1204  
FromELF: creating hex file...
"Heart Monitor\Heart Monitor.axf" - 0 Error(s), 4 Warning(s).

<h2>Software Packages used:</h2>

Package Vendor: ARM
                http://www.keil.com/pack/ARM.CMSIS.5.6.0.pack
                ARM.CMSIS.5.6.0
                CMSIS (Cortex Microcontroller Software Interface Standard)
   * Component: CORE Version: 5.3.0

Package Vendor: Keil
                http://www.keil.com/pack/Keil.STM32F1xx_DFP.2.3.0.pack
                Keil.STM32F1xx_DFP.2.3.0
                STMicroelectronics STM32F1 Series Device Support, Drivers and Examples

<h2>Collection of Component include folders:</h2>
  .\RTE\_Heart_Monitor
  C:\Users\Alaa\AppData\Local\Arm\Packs\ARM\CMSIS\5.6.0\CMSIS\Core\Include
  C:\Users\Alaa\AppData\Local\Arm\Packs\Keil\STM32F1xx_DFP\2.3.0\Device\Include

<h2>Collection of Component Files used:</h2>

   * Component: ARM::CMSIS:CORE:5.3.0
Build Time Elapsed:  00:00:02
</pre>
</body>
</html>
